full repo - not just a checkout => no network needed (except fetch/pull +push)
index ; git add ; git diff --cached
output im Erfolgsfalle
local vs remote branches
commits are good
tags+branches+merges are fast+cheap
how to resolve conflicts
make a branch from an earlier point in history
rewriting history ; amend, rebase, cherry-pick
rebase
git revert
show webyast git history with merge commits => solution autosetuprebase = always

pull requests
multiple remotes
git push origin +TAGNAME

show effect of checkout, branch, merge, rebase, cherry-pick, reset --hard, ... with gitk --all


best practices .gitconfig:

[branch]
    autosetuprebase = always
[push]
    default = current
[user]
    name = J. Doe Schmidt
    email = jdoesn@example.com

Example:
bwiedemann@bernhard:~/temp> mkdir susegitvortrag
bwiedemann@bernhard:~/temp> cd susegitvortrag/
bwiedemann@bernhard:~/temp/susegitvortrag> git init
Initialized empty Git repository in /home/bernhard/temp/susegitvortrag/.git/
bwiedemann@bernhard:~/temp/susegitvortrag> gvim brainstorm.txt
bwiedemann@bernhard:~/temp/susegitvortrag> git add brainstorm.txt
bwiedemann@bernhard:~/temp/susegitvortrag> git commit -m "add first ideas"
[master (root-commit) 8c50ad9] add first ideas
 1 files changed, 30 insertions(+), 0 deletions(-)
 create mode 100644 brainstorm.txt
# edited some more...
bwiedemann@bernhard:~/temp/susegitvortrag> git add brainstorm.txt
bwiedemann@bernhard:~/temp/susegitvortrag> git commit --amend -m "add first ideas"
[master 6026b12] add first ideas
 1 files changed, 30 insertions(+), 0 deletions(-)
 create mode 100644 brainstorm.txt
bwiedemann@bernhard:~/temp/susegitvortrag> git commit -a -m "first example"
bwiedemann@bernhard:~/temp/susegitvortrag> git remote add origin git@github.com:bmwiedemann/susegitvortrag.git
bwiedemann@bernhard:~/temp/susegitvortrag> git push -u origin master
Counting objects: 6, done.
Delta compression using up to 8 threads.
Compressing objects: 100% (4/4), done.
Writing objects: 100% (6/6), 1.13 KiB, done.
Total 6 (delta 1), reused 0 (delta 0)
To git@github.com:bmwiedemann/susegitvortrag.git
 * [new branch]      master -> master
Branch master set up to track remote branch master from origin by rebasing.
